################################################################################
#                                                                              #
#      IAR Universal Linker V6.5.4.100                                         #
#                                                                              #
#           Link time     =  25/Jul/2019  15:18:56                             #
#           Target CPU    =  MSP430                                            #
#           List file     =  D:\Source\msp430\Debug\List\iar.map               #
#           Output file 1 =  D:\Source\msp430\Debug\Exe\iar.d43                #
#                            Format: ubrof10                                   #
#                            UBROF version 10.0.6                              #
#                            Using library modules for C-SPY (-rt)             #
#           Command line  =  -f                                                #
#                            C:\Users\qiao_cg\AppData\Local\Temp\EW64FD.tmp    #
#                            (D:\Source\msp430\Debug\Obj\clock.r43             #
#                            D:\Source\msp430\Debug\Obj\cmd_queue.r43          #
#                            D:\Source\msp430\Debug\Obj\dr_adc.r43             #
#                            D:\Source\msp430\Debug\Obj\dr_dc_motor.r43        #
#                            D:\Source\msp430\Debug\Obj\dr_i2c.r43             #
#                            D:\Source\msp430\Debug\Obj\dr_lcdseg.r43          #
#                            D:\Source\msp430\Debug\Obj\dr_step_motor.r43      #
#                            D:\Source\msp430\Debug\Obj\dr_uart.r43            #
#                            D:\Source\msp430\Debug\Obj\LCD_lib.r43            #
#                            D:\Source\msp430\Debug\Obj\LTM022A69B.r43         #
#                            D:\Source\msp430\Debug\Obj\main.r43               #
#                            D:\Source\msp430\Debug\Obj\softSPI.r43 -o         #
#                            D:\Source\msp430\Debug\Exe\iar.d43 -l             #
#                            D:\Source\msp430\Debug\List\iar.map -xms          #
#                            "-IC:\Program Files (x86)\IAR Systems\Embedded Wo #
#                            rkbench 8.0\430\LIB\"                             #
#                            -f                                                #
#                            "C:\Program Files (x86)\IAR Systems\Embedded Work #
#                            bench 8.0\430\config\linker\lnk430f6638.xcl"      #
#                            (-cmsp430 -QCODE_I=CODE_ID -QTLS16_I=TLS16_ID     #
#                            -D__iar_HWMUL=4C0 -Z(CONST)INFO=1800-19FF         #
#                            -Z(CONST)INFOA=1980-19FF                          #
#                            -Z(CONST)INFOB=1900-197F                          #
#                            -Z(CONST)INFOC=1880-18FF                          #
#                            -Z(CONST)INFOD=1800-187F                          #
#                            -Z(DATA)USBRAM=1C00-23FF                          #
#                            -Z(DATA)DATA16_I,DATA16_Z,DATA16_N,TLS16_I=2400-6 #
#                            3FF                                               #
#                            -Z(DATA)DATA16_HEAP+_DATA16_HEAP_SIZE             #
#                            -Z(DATA)CODE_I                                    #
#                            -Z(DATA)DATA20_I,DATA20_Z,DATA20_N,DATA20_HEAP+_D #
#                            ATA20_HEAP_SIZE                                   #
#                            -Z(DATA)CSTACK+_STACK_SIZE#                       #
#                            -Z(CONST)DATA16_C,DATA16_ID,TLS16_ID,DIFUNCT,CHEC #
#                            KSUM=8000-FF7F                                    #
#                            -Z(CODE)CSTART,ISR_CODE,CODE16=8000-FF7F          #
#                            -P(CODE)CODE=8000-FF7F,10000-47FFF                #
#                            -Z(CONST)DATA20_C,DATA20_ID,CODE_ID=8000-FF7F,100 #
#                            40-47FFF                                          #
#                            -Z(CODE)INTVEC=FF80-FFFF                          #
#                            -Z(CODE)RESET=FFFE-FFFF) -f                       #
#                            "C:\Program Files (x86)\IAR Systems\Embedded Work #
#                            bench 8.0\430\config\linker\multiplier32.xcl"     #
#                            (-e?Mul8Hw=?Mul8 -e?Mul16Hw=?Mul16                #
#                            -e?Mul16to32uHw=?Mul16to32u                       #
#                            -e?Mul16to32sHw=?Mul16to32s -e?Mul32Hw32=?Mul32   #
#                            -e?Mul64Hw32=_Mul64i                              #
#                            -e?Mul32u32uto64iHw32=_Mul32u32uto64i             #
#                            -e?Mul32fHw32=_Mul32f                             #
#                            -e_Mul64fHw32Ptr=_Mul64fPtr) -D_STACK_SIZE=A0     #
#                            -rt                                               #
#                            "C:\Program Files (x86)\IAR Systems\Embedded Work #
#                            bench 8.0\430\lib\dlib\dl430xlsfn.r43"            #
#                            -e_PrintfLarge=_Printf -e_ScanfLarge=_Scanf       #
#                            -D_DATA16_HEAP_SIZE=A0 -s __program_start         #
#                            -D_DATA20_HEAP_SIZE=50)                           #
#                                                                              #
#                           Copyright (C) 1987-2018 IAR Systems AB.            #
################################################################################





                ****************************************
                *                                      *
                *           CROSS REFERENCE            *
                *                                      *
                ****************************************

       Program entry at :           890C  Relocatable, from module : ?cstart




                ****************************************
                *                                      *
                *            RUNTIME MODEL             *
                *                                      *
                ****************************************

  __Heap_Handler             = Basic
  __SystemLibrary            = DLib
  __code_model               = large
  __core                     = 430X
  __data_model               = small
  __dlib_file_descriptor     = 0
  __dlib_full_locale_support = 0
  __double_size              = 32
  __pic                      = no
  __reg_r4                   = free
  __reg_r5                   = free
  __rt_version               = 3

                ****************************************
                *                                      *
                *    AUTOMATIC SYMBOL REDIRECTIONS     *
                *                                      *
                ****************************************

                  There are no automatic symbol redirections.



                ****************************************
                *                                      *
                *              MODULE MAP              *
                *                                      *
                ****************************************


  DEFINED ABSOLUTE ENTRIES
    *************************************************************************

  DEFINED ABSOLUTE ENTRIES
  PROGRAM MODULE, NAME : ?ABS_ENTRY_MOD

Absolute parts
           ENTRY                   ADDRESS         REF BY
           =====                   =======         ======
           _DATA20_HEAP_SIZE       0050 
           _DATA16_HEAP_SIZE       00A0 
           _STACK_SIZE             00A0 
           __iar_HWMUL             04C0            ?Mul32fHw32 (?Mul32fHw32)
                                                   main (main)
                                                   send (cmd_queue)
    *************************************************************************

  FILE NAME : D:\Source\msp430\Debug\Obj\clock.r43
  PROGRAM MODULE, NAME : clock

  SEGMENTS IN THE MODULE
  ======================
DATA16_AN
  Relative segment, address: 049C - 049D (0x2 bytes), align: 0
  Segment part 1. ROOT        Intra module refs:   initClock
           ENTRY                   ADDRESS         REF BY
           =====                   =======         ======
           _A_BAKCTL_L             049C 
           LOCAL                   ADDRESS         
           =====                   =======         
           BAKCTL                  049C 
           BAKCTL_H                049D 
           BAKCTL_L                049C 
    -------------------------------------------------------------------------
DATA16_AN
  Relative segment, address: 026A - 026B (0x2 bytes), align: 0
  Segment part 2. ROOT        Intra module refs:   UARTInit (dr_uart)
                                                   initADC (dr_adc)
                                                   initClock
                                                   initDAC (dr_adc)
           ENTRY                   ADDRESS         REF BY
           =====                   =======         ======
           _A_PDSEL_L              026A 
           LOCAL                   ADDRESS         
           =====                   =======         
           PDSEL                   026A 
           PDSEL_H                 026B 
           PDSEL_L                 026A 
    -------------------------------------------------------------------------
DATA16_AN
  Relative segment, address: 0120 - 0121 (0x2 bytes), align: 0
  Segment part 3. ROOT 
           ENTRY                   ADDRESS         REF BY
           =====                   =======         ======
           _A_PMMCTL0_L            0120 
           LOCAL                   ADDRESS         
           =====                   =======         
           PMMCTL0                 0120 
           PMMCTL0_H               0121 
           PMMCTL0_L               0120 
    -------------------------------------------------------------------------
DATA16_AN
  Relative segment, address: 0124 - 0125 (0x2 bytes), align: 0
  Segment part 4. ROOT 
           ENTRY                   ADDRESS         REF BY
           =====                   =======         ======
           _A_SVSMHCTL_L           0124 
           LOCAL                   ADDRESS         
           =====                   =======         
           SVSMHCTL                0124 
           SVSMHCTL_H              0125 
           SVSMHCTL_L              0124 
    -------------------------------------------------------------------------
DATA16_AN
  Relative segment, address: 0126 - 0127 (0x2 bytes), align: 0
  Segment part 5. ROOT 
           ENTRY                   ADDRESS         REF BY
           =====                   =======         ======
           _A_SVSMLCTL_L           0126 
           LOCAL                   ADDRESS         
           =====                   =======         
           SVSMLCTL                0126 
           SVSMLCTL_H              0127 
           SVSMLCTL_L              0126 
    -------------------------------------------------------------------------
DATA16_AN
  Relative segment, address: 012C - 012D (0x2 bytes), align: 0
  Segment part 6. ROOT 
           ENTRY                   ADDRESS         REF BY
           =====                   =======         ======
           _A_PMMIFG_L             012C 
           LOCAL                   ADDRESS         
           =====                   =======         
           PMMIFG                  012C 
           PMMIFG_H                012D 
           PMMIFG_L                012C 
    -------------------------------------------------------------------------
DATA16_AN
  Relative segment, address: 012E - 012F (0x2 bytes), align: 0
  Segment part 7. ROOT 
           ENTRY                   ADDRESS         REF BY
           =====                   =======         ======
           _A_PMMRIE_L             012E 
           LOCAL                   ADDRESS         
           =====                   =======         
           PMMRIE                  012E 
           PMMRIE_H                012F 
           PMMRIE_L                012E 
    -------------------------------------------------------------------------
DATA16_AN
  Relative segment, address: 0102 - 0103 (0x2 bytes), align: 0
  Segment part 8. ROOT        Intra module refs:   initClock
           ENTRY                   ADDRESS         REF BY
           =====                   =======         ======
           _A_SFRIFG1_L            0102 
           LOCAL                   ADDRESS         
           =====                   =======         
           SFRIFG1                 0102 
           SFRIFG1_H               0103 
           SFRIFG1_L               0102 
    -------------------------------------------------------------------------
DATA16_AN
  Relative segment, address: 0160 - 0161 (0x2 bytes), align: 0
  Segment part 9. ROOT 
           ENTRY                   ADDRESS         REF BY
           =====                   =======         ======
           _A_UCSCTL0_L            0160 
           LOCAL                   ADDRESS         
           =====                   =======         
           UCSCTL0                 0160 
           UCSCTL0_H               0161 
           UCSCTL0_L               0160 
    -------------------------------------------------------------------------
DATA16_AN
  Relative segment, address: 0162 - 0163 (0x2 bytes), align: 0
  Segment part 10. ROOT       Intra module refs:   initClock
           ENTRY                   ADDRESS         REF BY
           =====                   =======         ======
           _A_UCSCTL1_L            0162 
           LOCAL                   ADDRESS         
           =====                   =======         
           UCSCTL1                 0162 
           UCSCTL1_H               0163 
           UCSCTL1_L               0162 
    -------------------------------------------------------------------------
DATA16_AN
  Relative segment, address: 0164 - 0165 (0x2 bytes), align: 0
  Segment part 11. ROOT       Intra module refs:   initClock
           ENTRY                   ADDRESS         REF BY
           =====                   =======         ======
           _A_UCSCTL2_L            0164 
           LOCAL                   ADDRESS         
           =====                   =======         
           UCSCTL2                 0164 
           UCSCTL2_H               0165 
           UCSCTL2_L               0164 
    -------------------------------------------------------------------------
DATA16_AN
  Relative segment, address: 0166 - 0167 (0x2 bytes), align: 0
  Segment part 12. ROOT       Intra module refs:   initClock
           ENTRY                   ADDRESS         REF BY
           =====                   =======         ======
           _A_UCSCTL3_L            0166 
           LOCAL                   ADDRESS         
           =====                   =======         
           UCSCTL3                 0166 
           UCSCTL3_H               0167 
           UCSCTL3_L               0166 
    -------------------------------------------------------------------------
DATA16_AN
  Relative segment, address: 0168 - 0169 (0x2 bytes), align: 0
  Segment part 13. ROOT       Intra module refs:   initClock
           ENTRY                   ADDRESS         REF BY
           =====                   =======         ======
           _A_UCSCTL4_L            0168 
           LOCAL                   ADDRESS         
           =====                   =======         
           UCSCTL4                 0168 
           UCSCTL4_H               0169 
           UCSCTL4_L               0168 
    -------------------------------------------------------------------------
DATA16_AN
  Relative segment, address: 016A - 016B (0x2 bytes), align: 0
  Segment part 14. ROOT       Intra module refs:   initClock
           ENTRY                   ADDRESS         REF BY
           =====                   =======         ======
           _A_UCSCTL5_L            016A 
           LOCAL                   ADDRESS         
           =====                   =======         
           UCSCTL5                 016A 
           UCSCTL5_H               016B 
           UCSCTL5_L               016A 
    -------------------------------------------------------------------------
DATA16_AN
  Relative segment, address: 016C - 016D (0x2 bytes), align: 0
  Segment part 15. ROOT       Intra module refs:   initClock
           ENTRY                   ADDRESS         REF BY
           =====                   =======         ======
           _A_UCSCTL6_L            016C 
           LOCAL                   ADDRESS         
           =====                   =======         
           UCSCTL6                 016C 
           UCSCTL6_H               016D 
           UCSCTL6_L               016C 
    -------------------------------------------------------------------------
DATA16_AN
  Relative segment, address: 016E - 016F (0x2 bytes), align: 0
  Segment part 16. ROOT       Intra module refs:   initClock
           ENTRY                   ADDRESS         REF BY
           =====                   =======         ======
           _A_UCSCTL7_L            016E 
           LOCAL                   ADDRESS         
           =====                   =======         
           UCSCTL7                 016E 
           UCSCTL7_H               016F 
           UCSCTL7_L               016E 
    -------------------------------------------------------------------------
<CODE> 1 (was CODE)
  Relative segment, address: A816 - A82B (0x16 bytes), align: 1
  Segment part 21.
           ENTRY                   ADDRESS         REF BY
           =====                   =======         ======
           delay_ms                A816            delay (dr_adc)
                                                   main (main)
    -------------------------------------------------------------------------
<CODE> 1 (was CODE)
  Relative segment, address: A8B0 - A8BF (0x10 bytes), align: 1
  Segment part 22.
           ENTRY                   ADDRESS         REF BY
           =====                   =======         ======
           delay_us                A8B0            lcd_init (LTM022A69B)
    -------------------------------------------------------------------------
<CODE> 1 (was CODE)
  Relative segment, address: 9EDC - 9F3F (0x64 bytes), align: 1
  Segment part 23.
           ENTRY                   ADDRESS         REF BY
           =====                   =======         ======
           initClock               9EDC            main (main)

    *************************************************************************

  FILE NAME : D:\Source\msp430\Debug\Obj\cmd_queue.r43
  PROGRAM MODULE, NAME : cmd_queue

  SEGMENTS IN THE MODULE
  ======================
<CODE> 1 (was CODE)
  Relative segment, address: A93A - A93D (0x4 bytes), align: 1
  Segment part 8.
           ENTRY                   ADDRESS         REF BY
           =====                   =======         ======
           free                    A93A            __iar_vla_dealloc2 (?vla_alloc)
               calls direct
    -------------------------------------------------------------------------
<CODE> 1 (was CODE)
  Relative segment, address: A94A - A94D (0x4 bytes), align: 1
  Segment part 9.
           ENTRY                   ADDRESS         REF BY
           =====                   =======         ======
           malloc                  A94A            __iar_vla_alloc (?vla_alloc)
               calls direct
    -------------------------------------------------------------------------
<CODE> 1 (was CODE)
  Relative segment, address: 92D6 - 941B (0x146 bytes), align: 1
  Segment part 17.
           ENTRY                   ADDRESS         REF BY
           =====                   =======         ======
           send                    92D6            main (main)
               calls direct

    *************************************************************************

  FILE NAME : D:\Source\msp430\Debug\Obj\dr_adc.r43
  PROGRAM MODULE, NAME : dr_adc

  SEGMENTS IN THE MODULE
  ======================
DATA16_AN
  Relative segment, address: 0700 - 0701 (0x2 bytes), align: 0
  Segment part 1. ROOT        Intra module refs:   ADC12ISR (main)
                                                   initADC
           ENTRY                   ADDRESS         REF BY
           =====                   =======         ======
           _A_ADC12CTL0_L          0700 
           LOCAL                   ADDRESS         
           =====                   =======         
           ADC12CTL0               0700 
           ADC12CTL0_H             0701 
           ADC12CTL0_L             0700 
    -------------------------------------------------------------------------
DATA16_AN
  Relative segment, address: 0702 - 0703 (0x2 bytes), align: 0
  Segment part 2. ROOT        Intra module refs:   initADC
           ENTRY                   ADDRESS         REF BY
           =====                   =======         ======
           _A_ADC12CTL1_L          0702 
           LOCAL                   ADDRESS         
           =====                   =======         
           ADC12CTL1               0702 
           ADC12CTL1_H             0703 
           ADC12CTL1_L             0702 
    -------------------------------------------------------------------------
DATA16_AN
  Relative segment, address: 070C - 070D (0x2 bytes), align: 0
  Segment part 3. ROOT        Intra module refs:   initADC
           ENTRY                   ADDRESS         REF BY
           =====                   =======         ======
           _A_ADC12IE_L            070C 
           LOCAL                   ADDRESS         
           =====                   =======         
           ADC12IE                 070C 
           ADC12IE_H               070D 
           ADC12IE_L               070C 
    -------------------------------------------------------------------------
DATA16_AN
  Relative segment, address: 0710 - 0710 (0x1 bytes), align: 0
  Segment part 4. ROOT        Intra module refs:   initADC
           ENTRY                   ADDRESS         REF BY
           =====                   =======         ======
           ADC12MCTL0              0710 
    -------------------------------------------------------------------------
DATA16_AN
  Relative segment, address: 0780 - 0781 (0x2 bytes), align: 0
  Segment part 5. ROOT        Intra module refs:   initDAC
           ENTRY                   ADDRESS         REF BY
           =====                   =======         ======
           DAC12_0CTL0             0780 
    -------------------------------------------------------------------------
DATA16_AN
  Relative segment, address: 0784 - 0785 (0x2 bytes), align: 0
  Segment part 6. ROOT        Intra module refs:   T0_int
                                                   initDAC
           ENTRY                   ADDRESS         REF BY
           =====                   =======         ======
           DAC12_0DAT              0784 
    -------------------------------------------------------------------------
DATA16_AN
  Relative segment, address: 0264 - 0265 (0x2 bytes), align: 0
  Segment part 7. ROOT        Intra module refs:   SPI_IO_INIT (softSPI)
                                                   initDAC
                                                   stepMotorInit (dr_step_motor)
           ENTRY                   ADDRESS         REF BY
           =====                   =======         ======
           _A_PDDIR_L              0264 
           LOCAL                   ADDRESS         
           =====                   =======         
           PDDIR                   0264 
           PDDIR_H                 0265 
           PDDIR_L                 0264 
    -------------------------------------------------------------------------
<CODE> 1 (was CODE)
  Relative segment, address: A754 - A771 (0x1e bytes), align: 1
  Segment part 20.
           ENTRY                   ADDRESS         REF BY
           =====                   =======         ======
           initADC                 A754            main (main)
    -------------------------------------------------------------------------
<CODE> 1 (was CODE)
  Relative segment, address: A598 - A5CD (0x36 bytes), align: 1
  Segment part 21.
           ENTRY                   ADDRESS         REF BY
           =====                   =======         ======
           initDAC                 A598            main (main)
    -------------------------------------------------------------------------
DATA16_Z
  Relative segment, address: 26D0 - 26D0 (0x1 bytes), align: 0
  Segment part 11.            Intra module refs:   T0_int
                                                   audio
           ENTRY                   ADDRESS         REF BY
           =====                   =======         ======
           m                       26D0 
    -------------------------------------------------------------------------
DATA16_Z
  Relative segment, address: 26D1 - 26D1 (0x1 bytes), align: 0
  Segment part 12.            Intra module refs:   audio
           ENTRY                   ADDRESS         REF BY
           =====                   =======         ======
           n                       26D1 
    -------------------------------------------------------------------------
DATA16_Z
  Relative segment, address: 26D2 - 26D2 (0x1 bytes), align: 0
  Segment part 13.            Intra module refs:   T0_int
                                                   audio
           ENTRY                   ADDRESS         REF BY
           =====                   =======         ======
           TR0                     26D2 
    -------------------------------------------------------------------------
DATA16_C
  Relative segment, address: 800C - 8091 (0x86 bytes), align: 0
  Segment part 15.            Intra module refs:   audio
           ENTRY                   ADDRESS         REF BY
           =====                   =======         ======
           music                   800C 
    -------------------------------------------------------------------------
<CODE> 1 (was CODE)
  Relative segment, address: A87C - A88D (0x12 bytes), align: 1
  Segment part 22.            Intra module refs:   audio
           ENTRY                   ADDRESS         REF BY
           =====                   =======         ======
           delay                   A87C 
               calls direct
    -------------------------------------------------------------------------
DATA16_Z
  Relative segment, address: 2404 - 2405 (0x2 bytes), align: 1
  Segment part 16.            Intra module refs:   T0_int
           ENTRY                   ADDRESS         REF BY
           =====                   =======         ======
           timer_cnt               2404 
    -------------------------------------------------------------------------
<CODE> 1 (was CODE)
  Relative segment, address: A3C2 - A409 (0x48 bytes), align: 1
  Segment part 24.
           ENTRY                   ADDRESS         REF BY
           =====                   =======         ======
           T0_int                  A3C2            timer0_a0 (main)
               calls direct
    -------------------------------------------------------------------------
DATA16_I
  Relative segment, address: 2402 - 2402 (0x1 bytes), align: 0
  Segment part 17.            Intra module refs:   T0_int
           LOCAL                   ADDRESS         
           =====                   =======         
           T0_int::i               2402 
    -------------------------------------------------------------------------
<CODE> 1 (was CODE)
  Relative segment, address: A006 - A065 (0x60 bytes), align: 1
  Segment part 25.
           ENTRY                   ADDRESS         REF BY
           =====                   =======         ======
           audio                   A006            main (main)
               calls direct
    -------------------------------------------------------------------------
DATA16_Z
  Relative segment, address: 26D3 - 26D3 (0x1 bytes), align: 0
  Segment part 19.            Intra module refs:   audio
           LOCAL                   ADDRESS         
           =====                   =======         
           audio::i                26D3 
    -------------------------------------------------------------------------
DATA16_ID
  Relative segment, address: 890A - 890A (0x1 bytes), align: 0
  Segment part 18.            Intra module refs:   T0_int::i

    *************************************************************************

  FILE NAME : D:\Source\msp430\Debug\Obj\dr_dc_motor.r43
  PROGRAM MODULE, NAME : dr_dc_motor

  SEGMENTS IN THE MODULE
  ======================
DATA16_AN
  Relative segment, address: 0202 - 0203 (0x2 bytes), align: 0
  Segment part 1. ROOT        Intra module refs:   PWM_SetOutput
                                                   initDCMotor
                                                   lcd_init (LTM022A69B)
                                                   step (dr_step_motor)
           ENTRY                   ADDRESS         REF BY
           =====                   =======         ======
           _A_PAOUT_L              0202 
           LOCAL                   ADDRESS         
           =====                   =======         
           PAOUT                   0202 
           PAOUT_H                 0203 
           PAOUT_L                 0202 
    -------------------------------------------------------------------------
DATA16_AN
  Relative segment, address: 0204 - 0205 (0x2 bytes), align: 0
  Segment part 2. ROOT        Intra module refs:   SPI0_Init (LTM022A69B)
                                                   initDCMotor
                                                   stepMotorInit (dr_step_motor)
           ENTRY                   ADDRESS         REF BY
           =====                   =======         ======
           _A_PADIR_L              0204 
           LOCAL                   ADDRESS         
           =====                   =======         
           PADIR                   0204 
           PADIR_H                 0205 
           PADIR_L                 0204 
    -------------------------------------------------------------------------
DATA16_AN
  Relative segment, address: 020A - 020B (0x2 bytes), align: 0
  Segment part 3. ROOT        Intra module refs:   initDCMotor
           ENTRY                   ADDRESS         REF BY
           =====                   =======         ======
           _A_PASEL_L              020A 
           LOCAL                   ADDRESS         
           =====                   =======         
           PASEL                   020A 
           PASEL_H                 020B 
           PASEL_L                 020A 
    -------------------------------------------------------------------------
DATA16_AN
  Relative segment, address: 0218 - 0219 (0x2 bytes), align: 0
  Segment part 4. ROOT        Intra module refs:   p2Interrupt
           ENTRY                   ADDRESS         REF BY
           =====                   =======         ======
           _A_PAIES_L              0218 
           LOCAL                   ADDRESS         
           =====                   =======         
           PAIES                   0218 
           PAIES_H                 0219 
           PAIES_L                 0218 
    -------------------------------------------------------------------------
DATA16_AN
  Relative segment, address: 021A - 021B (0x2 bytes), align: 0
  Segment part 5. ROOT        Intra module refs:   initDCMotor
           ENTRY                   ADDRESS         REF BY
           =====                   =======         ======
           _A_PAIE_L               021A 
           LOCAL                   ADDRESS         
           =====                   =======         
           PAIE                    021A 
           PAIE_H                  021B 
           PAIE_L                  021A 
    -------------------------------------------------------------------------
DATA16_AN
  Relative segment, address: 021C - 021D (0x2 bytes), align: 0
  Segment part 6. ROOT        Intra module refs:   p2Interrupt
           ENTRY                   ADDRESS         REF BY
           =====                   =======         ======
           _A_PAIFG_L              021C 
           LOCAL                   ADDRESS         
           =====                   =======         
           PAIFG                   021C 
           PAIFG_H                 021D 
           PAIFG_L                 021C 
    -------------------------------------------------------------------------
DATA16_AN
  Relative segment, address: 0340 - 0341 (0x2 bytes), align: 0
  Segment part 7. ROOT        Intra module refs:   initDCMotor
           ENTRY                   ADDRESS         REF BY
           =====                   =======         ======
           TA0CTL                  0340 
    -------------------------------------------------------------------------
DATA16_AN
  Relative segment, address: 0342 - 0343 (0x2 bytes), align: 0
  Segment part 8. ROOT        Intra module refs:   initDCMotor
           ENTRY                   ADDRESS         REF BY
           =====                   =======         ======
           TA0CCTL0                0342 
    -------------------------------------------------------------------------
DATA16_AN
  Relative segment, address: 0344 - 0345 (0x2 bytes), align: 0
  Segment part 9. ROOT        Intra module refs:   PWM_SetOutput
                                                   initDCMotor
           ENTRY                   ADDRESS         REF BY
           =====                   =======         ======
           TA0CCTL1                0344 
    -------------------------------------------------------------------------
DATA16_AN
  Relative segment, address: 0346 - 0347 (0x2 bytes), align: 0
  Segment part 10. ROOT       Intra module refs:   PWM_SetOutput
                                                   initDCMotor
           ENTRY                   ADDRESS         REF BY
           =====                   =======         ======
           TA0CCTL2                0346 
    -------------------------------------------------------------------------
DATA16_AN
  Relative segment, address: 0352 - 0353 (0x2 bytes), align: 0
  Segment part 11. ROOT       Intra module refs:   initDCMotor
           ENTRY                   ADDRESS         REF BY
           =====                   =======         ======
           TA0CCR0                 0352 
    -------------------------------------------------------------------------
DATA16_AN
  Relative segment, address: 0354 - 0355 (0x2 bytes), align: 0
  Segment part 12. ROOT       Intra module refs:   PWM_SetOutput
                                                   initDCMotor
           ENTRY                   ADDRESS         REF BY
           =====                   =======         ======
           TA0CCR1                 0354 
    -------------------------------------------------------------------------
DATA16_AN
  Relative segment, address: 0356 - 0357 (0x2 bytes), align: 0
  Segment part 13. ROOT       Intra module refs:   PWM_SetOutput
                                                   initDCMotor
           ENTRY                   ADDRESS         REF BY
           =====                   =======         ======
           TA0CCR2                 0356 
    -------------------------------------------------------------------------
DATA16_Z
  Relative segment, address: 2406 - 2409 (0x4 bytes), align: 1
  Segment part 16.            Intra module refs:   getRPM
                                                   p2Interrupt
                                                   refClockCount
           ENTRY                   ADDRESS         REF BY
           =====                   =======         ======
           refClock                2406 
    -------------------------------------------------------------------------
DATA16_Z
  Relative segment, address: 240A - 261B (0x212 bytes), align: 1
  Segment part 17.            Intra module refs:   PWM_SetOutput
                                                   getRPM
                                                   initDCMotor
                                                   p2Interrupt
           ENTRY                   ADDRESS         REF BY
           =====                   =======         ======
           rpm_meas                240A 
    -------------------------------------------------------------------------
<CODE> 1 (was CODE)
  Relative segment, address: A2CE - A323 (0x56 bytes), align: 1
  Segment part 18.
           ENTRY                   ADDRESS         REF BY
           =====                   =======         ======
           initDCMotor             A2CE            main (main)
               calls direct
    -------------------------------------------------------------------------
<CODE> 1 (was CODE)
  Relative segment, address: A902 - A90B (0xa bytes), align: 1
  Segment part 19.
           ENTRY                   ADDRESS         REF BY
           =====                   =======         ======
           refClockCount           A902            timer0_a0 (main)
    -------------------------------------------------------------------------
<CODE> 1 (was CODE)
  Relative segment, address: 9FA4 - A005 (0x62 bytes), align: 1
  Segment part 20.
           ENTRY                   ADDRESS         REF BY
           =====                   =======         ======
           PWM_SetOutput           9FA4            main (main)
    -------------------------------------------------------------------------
ISR_CODE
  Relative segment, address: 8934 - 89D1 (0x9e bytes), align: 1
  Segment part 22.            Intra module refs:   p2Interrupt::??INTVEC 88
           ENTRY                   ADDRESS         REF BY
           =====                   =======         ======
           p2Interrupt             8934 
               interrupt function
    -------------------------------------------------------------------------
<CODE> 1 (was CODE)
  Relative segment, address: A174 - A1CB (0x58 bytes), align: 1
  Segment part 21.
           ENTRY                   ADDRESS         REF BY
           =====                   =======         ======
           getRPM                  A174            main (main)
               calls direct
    -------------------------------------------------------------------------
INTVEC
  Common segment, address: FF80 - FFD9 (0x5a bytes), align: 1
  Segment part 14. ROOT 
           ENTRY                   ADDRESS         REF BY
           =====                   =======         ======
           p2Interrupt::??INTVEC 88
                                   FFD8 

    *************************************************************************

  FILE NAME : D:\Source\msp430\Debug\Obj\dr_i2c.r43
  PROGRAM MODULE, NAME : dr_i2c

  SEGMENTS IN THE MODULE
  ======================
DATA16_AN
  Relative segment, address: 01D0 - 01D1 (0x2 bytes), align: 0
  Segment part 2. ROOT 
           ENTRY                   ADDRESS         REF BY
           =====                   =======         ======
           _A_P2MAP01_L            01D0 
           LOCAL                   ADDRESS         
           =====                   =======         
           P2MAP01                 01D0 
           P2MAP01_H               01D1 
           P2MAP01_L               01D0 
    -------------------------------------------------------------------------
DATA16_AN
  Relative segment, address: 01D2 - 01D3 (0x2 bytes), align: 0
  Segment part 3. ROOT 
           ENTRY                   ADDRESS         REF BY
           =====                   =======         ======
           _A_P2MAP23_L            01D2 
           LOCAL                   ADDRESS         
           =====                   =======         
           P2MAP23                 01D2 
           P2MAP23_H               01D3 
           P2MAP23_L               01D2 
    -------------------------------------------------------------------------
DATA16_AN
  Relative segment, address: 05E0 - 05E1 (0x2 bytes), align: 0
  Segment part 4. ROOT        Intra module refs:   I2C_Send
                                                   I2C_StartQuery
                                                   i2cInterrupt
           ENTRY                   ADDRESS         REF BY
           =====                   =======         ======
           _A_UCB0CTLW0_L          05E0 
           LOCAL                   ADDRESS         
           =====                   =======         
           UCB0CTLW0               05E0 
           UCB0CTLW0_H             05E1 
           UCB0CTLW0_L             05E0 
    -------------------------------------------------------------------------
DATA16_AN
  Relative segment, address: 05E6 - 05E7 (0x2 bytes), align: 0
  Segment part 5. ROOT 
           ENTRY                   ADDRESS         REF BY
           =====                   =======         ======
           _A_UCB0BRW_L            05E6 
           LOCAL                   ADDRESS         
           =====                   =======         
           UCB0BRW                 05E6 
           UCB0BRW_H               05E7 
           UCB0BRW_L               05E6 
    -------------------------------------------------------------------------
DATA16_AN
  Relative segment, address: 05EC - 05EC (0x1 bytes), align: 0
  Segment part 6. ROOT        Intra module refs:   i2cInterrupt
           ENTRY                   ADDRESS         REF BY
           =====                   =======         ======
           UCB0RXBUF               05EC 
    -------------------------------------------------------------------------
DATA16_AN
  Relative segment, address: 05EE - 05EE (0x1 bytes), align: 0
  Segment part 7. ROOT        Intra module refs:   i2cInterrupt
           ENTRY                   ADDRESS         REF BY
           =====                   =======         ======
           UCB0TXBUF               05EE 
    -------------------------------------------------------------------------
DATA16_AN
  Relative segment, address: 05F2 - 05F3 (0x2 bytes), align: 0
  Segment part 8. ROOT        Intra module refs:   I2C_Send
                                                   I2C_StartQuery
                                                   i2cInterrupt
           ENTRY                   ADDRESS         REF BY
           =====                   =======         ======
           _A_UCB0I2CSA_L          05F2 
           LOCAL                   ADDRESS         
           =====                   =======         
           UCB0I2CSA               05F2 
           UCB0I2CSA_H             05F3 
           UCB0I2CSA_L             05F2 
    -------------------------------------------------------------------------
DATA16_AN
  Relative segment, address: 05FC - 05FD (0x2 bytes), align: 0
  Segment part 9. ROOT        Intra module refs:   I2C_Send
                                                   I2C_StartQuery
                                                   i2cInterrupt
           ENTRY                   ADDRESS         REF BY
           =====                   =======         ======
           _A_UCB0ICTL_L           05FC 
           LOCAL                   ADDRESS         
           =====                   =======         
           UCB0ICTL                05FC 
           UCB0ICTL_H              05FD 
           UCB0ICTL_L              05FC 
    -------------------------------------------------------------------------
DATA16_I
  Relative segment, address: 2400 - 2401 (0x2 bytes), align: 1
  Segment part 12.            Intra module refs:   I2C_Send
                                                   I2C_StartQuery
                                                   i2cInterrupt
           ENTRY                   ADDRESS         REF BY
           =====                   =======         ======
           curI2CStatus            2400 
    -------------------------------------------------------------------------
DATA16_Z
  Relative segment, address: 26D4 - 270F (0x3c bytes), align: 0
  Segment part 14.            Intra module refs:   I2C_Send
                                                   i2cInterrupt
           ENTRY                   ADDRESS         REF BY
           =====                   =======         ======
           tx_requests             26D4 
    -------------------------------------------------------------------------
DATA16_Z
  Relative segment, address: 261C - 261D (0x2 bytes), align: 1
  Segment part 15.            Intra module refs:   I2C_Send
                                                   i2cInterrupt
           ENTRY                   ADDRESS         REF BY
           =====                   =======         ======
           curSendingNo            261C 
    -------------------------------------------------------------------------
DATA16_Z
  Relative segment, address: 261E - 261F (0x2 bytes), align: 1
  Segment part 16.            Intra module refs:   I2C_Send
           ENTRY                   ADDRESS         REF BY
           =====                   =======         ======
           curTxEmptyNo            261E 
    -------------------------------------------------------------------------
<CODE> 1 (was CODE)
  Relative segment, address: A222 - A277 (0x56 bytes), align: 1
  Segment part 21.            Intra module refs:   i2cInterrupt
           ENTRY                   ADDRESS         REF BY
           =====                   =======         ======
           I2C_Send                A222 
    -------------------------------------------------------------------------
DATA16_Z
  Relative segment, address: 2620 - 2697 (0x78 bytes), align: 1
  Segment part 17.            Intra module refs:   I2C_StartQuery
                                                   i2cInterrupt
           ENTRY                   ADDRESS         REF BY
           =====                   =======         ======
           rx_regs                 2620 
    -------------------------------------------------------------------------
DATA16_Z
  Relative segment, address: 2698 - 2699 (0x2 bytes), align: 1
  Segment part 18.            Intra module refs:   I2C_StartQuery
                                                   i2cInterrupt
           ENTRY                   ADDRESS         REF BY
           =====                   =======         ======
           rxreg_count             2698 
    -------------------------------------------------------------------------
DATA16_Z
  Relative segment, address: 269A - 269B (0x2 bytes), align: 1
  Segment part 19.            Intra module refs:   I2C_StartQuery
                                                   i2cInterrupt
           ENTRY                   ADDRESS         REF BY
           =====                   =======         ======
           curRecvingNo            269A 
    -------------------------------------------------------------------------
<CODE> 1 (was CODE)
  Relative segment, address: 9D98 - 9E09 (0x72 bytes), align: 1
  Segment part 23.            Intra module refs:   i2cInterrupt
           ENTRY                   ADDRESS         REF BY
           =====                   =======         ======
           I2C_StartQuery          9D98 
    -------------------------------------------------------------------------
ISR_CODE
  Relative segment, address: 89D2 - 8B89 (0x1b8 bytes), align: 1
  Segment part 27.            Intra module refs:   i2cInterrupt::??INTVEC 110
           ENTRY                   ADDRESS         REF BY
           =====                   =======         ======
           i2cInterrupt            89D2 
               interrupt function
               calls direct
    -------------------------------------------------------------------------
INTVEC
  Common segment, address: FF80 - FFEF (0x70 bytes), align: 1
  Segment part 10. ROOT 
           ENTRY                   ADDRESS         REF BY
           =====                   =======         ======
           i2cInterrupt::??INTVEC 110
                                   FFEE 
    -------------------------------------------------------------------------
DATA16_ID
  Relative segment, address: 8908 - 8909 (0x2 bytes), align: 1
  Segment part 13.            Intra module refs:   curI2CStatus

    *************************************************************************

  FILE NAME : D:\Source\msp430\Debug\Obj\dr_lcdseg.r43
  PROGRAM MODULE, NAME : dr_lcdseg

  SEGMENTS IN THE MODULE
  ======================
DATA16_AN
  Relative segment, address: 0A00 - 0A01 (0x2 bytes), align: 0
  Segment part 1. ROOT        Intra module refs:   initLcdSeg
           ENTRY                   ADDRESS         REF BY
           =====                   =======         ======
           _A_LCDBCTL0_L           0A00 
           LOCAL                   ADDRESS         
           =====                   =======         
           LCDBCTL0                0A00 
           LCDBCTL0_H              0A01 
           LCDBCTL0_L              0A00 
    -------------------------------------------------------------------------
DATA16_AN
  Relative segment, address: 0A06 - 0A07 (0x2 bytes), align: 0
  Segment part 2. ROOT        Intra module refs:   initLcdSeg
           ENTRY                   ADDRESS         REF BY
           =====                   =======         ======
           _A_LCDBMEMCTL_L         0A06 
           LOCAL                   ADDRESS         
           =====                   =======         
           LCDBMEMCTL              0A06 
           LCDBMEMCTL_H            0A07 
           LCDBMEMCTL_L            0A06 
    -------------------------------------------------------------------------
DATA16_AN
  Relative segment, address: 0A0A - 0A0B (0x2 bytes), align: 0
  Segment part 3. ROOT        Intra module refs:   initLcdSeg
           ENTRY                   ADDRESS         REF BY
           =====                   =======         ======
           _A_LCDBPCTL0_L          0A0A 
           LOCAL                   ADDRESS         
           =====                   =======         
           LCDBPCTL0               0A0A 
           LCDBPCTL0_H             0A0B 
           LCDBPCTL0_L             0A0A 
    -------------------------------------------------------------------------
DATA16_AN
  Relative segment, address: 0A20 - 0A20 (0x1 bytes), align: 0
  Segment part 4. ROOT        Intra module refs:   LCDSEG_ResetSpecSymbol
                                                   LCDSEG_SetDigit
                                                   LCDSEG_SetSpecSymbol
           ENTRY                   ADDRESS         REF BY
           =====                   =======         ======
           LCDM1                   0A20 
    -------------------------------------------------------------------------
DATA16_AN
  Relative segment, address: 024A - 024B (0x2 bytes), align: 0
  Segment part 5. ROOT        Intra module refs:   initLcdSeg
           ENTRY                   ADDRESS         REF BY
           =====                   =======         ======
           _A_PCSEL_L              024A 
           LOCAL                   ADDRESS         
           =====                   =======         
           PCSEL                   024A 
           PCSEL_H                 024B 
           PCSEL_L                 024A 
    -------------------------------------------------------------------------
DATA16_C
  Relative segment, address: 8092 - 80A2 (0x11 bytes), align: 0
  Segment part 7.             Intra module refs:   LCDSEG_SetDigit
           ENTRY                   ADDRESS         REF BY
           =====                   =======         ======
           SEG_CTRL_BIN            8092 
    -------------------------------------------------------------------------
<CODE> 1 (was CODE)
  Relative segment, address: A772 - A78F (0x1e bytes), align: 1
  Segment part 9.
           ENTRY                   ADDRESS         REF BY
           =====                   =======         ======
           initLcdSeg              A772            main (main)
    -------------------------------------------------------------------------
<CODE> 1 (was CODE)
  Relative segment, address: A278 - A2CD (0x56 bytes), align: 1
  Segment part 10.            Intra module refs:   LCDSEG_DisplayNumber
           ENTRY                   ADDRESS         REF BY
           =====                   =======         ======
           LCDSEG_SetDigit         A278 
    -------------------------------------------------------------------------
DATA16_C
  Relative segment, address: 80A3 - 80A9 (0x7 bytes), align: 0
  Segment part 8.             Intra module refs:   LCDSEG_SetDigit
           LOCAL                   ADDRESS         
           =====                   =======         
           LCDSEG_SetDigit::map    80A3 
    -------------------------------------------------------------------------
<CODE> 1 (was CODE)
  Relative segment, address: A91E - A925 (0x8 bytes), align: 1
  Segment part 11.            Intra module refs:   LCDSEG_DisplayNumber
           ENTRY                   ADDRESS         REF BY
           =====                   =======         ======
           LCDSEG_SetSpecSymbol    A91E            main (main)
    -------------------------------------------------------------------------
<CODE> 1 (was CODE)
  Relative segment, address: A916 - A91D (0x8 bytes), align: 1
  Segment part 12.            Intra module refs:   LCDSEG_DisplayNumber
           ENTRY                   ADDRESS         REF BY
           =====                   =======         ======
           LCDSEG_ResetSpecSymbol
                                   A916 
    -------------------------------------------------------------------------
<CODE> 1 (was CODE)
  Relative segment, address: 9A4C - 9AE3 (0x98 bytes), align: 1
  Segment part 13.
           ENTRY                   ADDRESS         REF BY
           =====                   =======         ======
           LCDSEG_DisplayNumber    9A4C            main (main)
               calls direct

    *************************************************************************

  FILE NAME : D:\Source\msp430\Debug\Obj\dr_step_motor.r43
  PROGRAM MODULE, NAME : dr_step_motor

  SEGMENTS IN THE MODULE
  ======================
DATA16_AN
  Relative segment, address: 0262 - 0263 (0x2 bytes), align: 0
  Segment part 3. ROOT        Intra module refs:   SPI_IO_INIT (softSPI)
                                                   SPI_SendByte (softSPI)
                                                   step
                                                   stepMotorInit
           ENTRY                   ADDRESS         REF BY
           =====                   =======         ======
           _A_PDOUT_L              0262 
           LOCAL                   ADDRESS         
           =====                   =======         
           PDOUT                   0262 
           PDOUT_H                 0263 
           PDOUT_L                 0262 
    -------------------------------------------------------------------------
DATA16_AN
  Relative segment, address: 03C0 - 03C1 (0x2 bytes), align: 0
  Segment part 5. ROOT        Intra module refs:   stepMotorInit
           ENTRY                   ADDRESS         REF BY
           =====                   =======         ======
           TB0CTL                  03C0 
    -------------------------------------------------------------------------
DATA16_AN
  Relative segment, address: 03D2 - 03D3 (0x2 bytes), align: 0
  Segment part 6. ROOT        Intra module refs:   stepMotorInit
           ENTRY                   ADDRESS         REF BY
           =====                   =======         ======
           TB0CCR0                 03D2 
    -------------------------------------------------------------------------
DATA16_C
  Relative segment, address: 80AA - 80B2 (0x9 bytes), align: 0
  Segment part 8.             Intra module refs:   SPTA_IRQHandler
    -------------------------------------------------------------------------
DATA16_C
  Relative segment, address: 80B3 - 80D3 (0x21 bytes), align: 0
  Segment part 9.             Intra module refs:   SPTA_IRQHandler
    -------------------------------------------------------------------------
DATA16_C
  Relative segment, address: 8000 - 8003 (0x4 bytes), align: 1
  Segment part 10.            Intra module refs:   startMotor
           ENTRY                   ADDRESS         REF BY
           =====                   =======         ======
           MAX_ACC_STEP            8000 
    -------------------------------------------------------------------------
DATA16_C
  Relative segment, address: 8004 - 8007 (0x4 bytes), align: 1
  Segment part 11.            Intra module refs:   startMotor
           ENTRY                   ADDRESS         REF BY
           =====                   =======         ======
           ACC_SPEED               8004 
    -------------------------------------------------------------------------
DATA16_C
  Relative segment, address: 8008 - 800B (0x4 bytes), align: 1
  Segment part 12.            Intra module refs:   SPTA_IRQHandler
                                                   startMotor
           ENTRY                   ADDRESS         REF BY
           =====                   =======         ======
           START_SPEED             8008 
    -------------------------------------------------------------------------
DATA16_Z
  Relative segment, address: 269C - 26C5 (0x2a bytes), align: 1
  Segment part 13.            Intra module refs:   motorClkSet
                                                   startMotor
           ENTRY                   ADDRESS         REF BY
           =====                   =======         ======
           motor0                  269C            main (main)
                                                   timer0_b0 (main)
    -------------------------------------------------------------------------
<CODE> 1 (was CODE)
  Relative segment, address: A954 - A955 (0x2 bytes), align: 1
  Segment part 16.            Intra module refs:   startMotor
           ENTRY                   ADDRESS         REF BY
           =====                   =======         ======
           motorDirSet             A954 
    -------------------------------------------------------------------------
<CODE> 1 (was CODE)
  Relative segment, address: A450 - A495 (0x46 bytes), align: 1
  Segment part 18.            Intra module refs:   SPTA_IRQHandler
           ENTRY                   ADDRESS         REF BY
           =====                   =======         ======
           motorClkSet             A450 
               calls direct
    -------------------------------------------------------------------------
DATA16_I
  Relative segment, address: 2403 - 2403 (0x1 bytes), align: 0
  Segment part 14.            Intra module refs:   motorClkSet
           LOCAL                   ADDRESS         
           =====                   =======         
           motorClkSet::p          2403 
    -------------------------------------------------------------------------
<CODE> 1 (was CODE)
  Relative segment, address: 99A8 - 9A4B (0xa4 bytes), align: 1
  Segment part 19.
           ENTRY                   ADDRESS         REF BY
           =====                   =======         ======
           startMotor              99A8            main (main)
               calls direct
    -------------------------------------------------------------------------
<CODE> 1 (was CODE)
  Relative segment, address: 8E72 - 8FF9 (0x188 bytes), align: 1
  Segment part 20.
           ENTRY                   ADDRESS         REF BY
           =====                   =======         ======
           SPTA_IRQHandler         8E72            timer0_b0 (main)
               calls direct
    -------------------------------------------------------------------------
<CODE> 1 (was CODE)
  Relative segment, address: A6BC - A6E5 (0x2a bytes), align: 1
  Segment part 21.
           ENTRY                   ADDRESS         REF BY
           =====                   =======         ======
           stepMotorInit           A6BC            main (main)
    -------------------------------------------------------------------------
<CODE> 1 (was CODE)
  Relative segment, address: 9AE4 - 9B7B (0x98 bytes), align: 1
  Segment part 17.            Intra module refs:   motorClkSet
           ENTRY                   ADDRESS         REF BY
           =====                   =======         ======
           step                    9AE4 
    -------------------------------------------------------------------------
DATA16_ID
  Relative segment, address: 890B - 890B (0x1 bytes), align: 0
  Segment part 15.            Intra module refs:   motorClkSet::p

    *************************************************************************

  FILE NAME : D:\Source\msp430\Debug\Obj\dr_uart.r43
  PROGRAM MODULE, NAME : dr_uart

  SEGMENTS IN THE MODULE
  ======================
DATA16_AN
  Relative segment, address: 0600 - 0601 (0x2 bytes), align: 0
  Segment part 2. ROOT        Intra module refs:   UARTInit
           ENTRY                   ADDRESS         REF BY
           =====                   =======         ======
           _A_UCA1CTLW0_L          0600 
           LOCAL                   ADDRESS         
           =====                   =======         
           UCA1CTLW0               0600 
           UCA1CTLW0_H             0601 
           UCA1CTLW0_L             0600 
    -------------------------------------------------------------------------
DATA16_AN
  Relative segment, address: 0606 - 0607 (0x2 bytes), align: 0
  Segment part 3. ROOT        Intra module refs:   UARTInit
           ENTRY                   ADDRESS         REF BY
           =====                   =======         ======
           _A_UCA1BRW_L            0606 
           LOCAL                   ADDRESS         
           =====                   =======         
           UCA1BRW                 0606 
           UCA1BRW_H               0607 
           UCA1BRW_L               0606 
    -------------------------------------------------------------------------
DATA16_AN
  Relative segment, address: 0608 - 0608 (0x1 bytes), align: 0
  Segment part 4. ROOT        Intra module refs:   UARTInit
           ENTRY                   ADDRESS         REF BY
           =====                   =======         ======
           UCA1MCTL                0608 
    -------------------------------------------------------------------------
DATA16_AN
  Relative segment, address: 060E - 060E (0x1 bytes), align: 0
  Segment part 5. ROOT        Intra module refs:   UARTSendChar
           ENTRY                   ADDRESS         REF BY
           =====                   =======         ======
           UCA1TXBUF               060E 
    -------------------------------------------------------------------------
DATA16_AN
  Relative segment, address: 061C - 061D (0x2 bytes), align: 0
  Segment part 6. ROOT        Intra module refs:   UARTInit
                                                   UARTSendChar
           ENTRY                   ADDRESS         REF BY
           =====                   =======         ======
           _A_UCA1ICTL_L           061C 
           LOCAL                   ADDRESS         
           =====                   =======         
           UCA1ICTL                061C 
           UCA1ICTL_H              061D 
           UCA1ICTL_L              061C 
    -------------------------------------------------------------------------
<CODE> 1 (was CODE)
  Relative segment, address: A6E6 - A70F (0x2a bytes), align: 1
  Segment part 8.
           ENTRY                   ADDRESS         REF BY
           =====                   =======         ======
           UARTInit                A6E6            main (main)
    -------------------------------------------------------------------------
<CODE> 1 (was CODE)
  Relative segment, address: A8EC - A8F7 (0xc bytes), align: 1
  Segment part 9.
           ENTRY                   ADDRESS         REF BY
           =====                   =======         ======
           UARTSendChar            A8EC            USCI_A1_ISR (main)
                                                   send (cmd_queue)

    *************************************************************************

  FILE NAME : D:\Source\msp430\Debug\Obj\LCD_lib.r43
  PROGRAM MODULE, NAME : LCD_lib

  SEGMENTS IN THE MODULE
  ======================
DATA16_C
  Relative segment, address: 80D4 - 88D3 (0x800 bytes), align: 0
  Segment part 2.
           ENTRY                   ADDRESS         REF BY
           =====                   =======         ======
           ascii                   80D4            lcd_display_char (LTM022A69B)

    *************************************************************************

  FILE NAME : D:\Source\msp430\Debug\Obj\LTM022A69B.r43
  PROGRAM MODULE, NAME : LTM022A69B

  SEGMENTS IN THE MODULE
  ======================
DATA16_AN
  Relative segment, address: 0222 - 0223 (0x2 bytes), align: 0
  Segment part 3. ROOT        Intra module refs:   SPI0_Init
                                                   main (main)
           ENTRY                   ADDRESS         REF BY
           =====                   =======         ======
           _A_PBOUT_L              0222 
           LOCAL                   ADDRESS         
           =====                   =======         
           PBOUT                   0222 
           PBOUT_H                 0223 
           PBOUT_L                 0222 
    -------------------------------------------------------------------------
DATA16_AN
  Relative segment, address: 0224 - 0225 (0x2 bytes), align: 0
  Segment part 4. ROOT        Intra module refs:   SPI0_Init
                                                   main (main)
           ENTRY                   ADDRESS         REF BY
           =====                   =======         ======
           _A_PBDIR_L              0224 
           LOCAL                   ADDRESS         
           =====                   =======         
           PBDIR                   0224 
           PBDIR_H                 0225 
           PBDIR_L                 0224 
    -------------------------------------------------------------------------
DATA16_AN
  Relative segment, address: 0242 - 0243 (0x2 bytes), align: 0
  Segment part 5. ROOT        Intra module refs:   LCD_SEND_COMMAND
                                                   LCD_WRITE_COMMAND
                                                   LCD_WRITE_REG
                                                   SPI_CS (softSPI)
                                                   lcd_clear_screen
                                                   lcd_display_char
                                                   lcd_draw_dot
           ENTRY                   ADDRESS         REF BY
           =====                   =======         ======
           _A_PCOUT_L              0242 
           LOCAL                   ADDRESS         
           =====                   =======         
           PCOUT                   0242 
           PCOUT_H                 0243 
           PCOUT_L                 0242 
    -------------------------------------------------------------------------
DATA16_AN
  Relative segment, address: 0244 - 0245 (0x2 bytes), align: 0
  Segment part 6. ROOT        Intra module refs:   SPI0_Init
                                                   SPI_IO_INIT (softSPI)
           ENTRY                   ADDRESS         REF BY
           =====                   =======         ======
           _A_PCDIR_L              0244 
           LOCAL                   ADDRESS         
           =====                   =======         
           PCDIR                   0244 
           PCDIR_H                 0245 
           PCDIR_L                 0244 
    -------------------------------------------------------------------------
<CODE> 1 (was CODE)
  Relative segment, address: A856 - A869 (0x14 bytes), align: 1
  Segment part 9.             Intra module refs:   lcd_init
           ENTRY                   ADDRESS         REF BY
           =====                   =======         ======
           SPI0_Init               A856 
               calls direct
    -------------------------------------------------------------------------
<CODE> 1 (was CODE)
  Relative segment, address: A942 - A945 (0x4 bytes), align: 1
  Segment part 10.            Intra module refs:   LCD_SEND_COMMAND
                                                   LCD_WRITE_COMMAND
                                                   LCD_WRITE_DATA
                                                   LCD_WRITE_REG
           ENTRY                   ADDRESS         REF BY
           =====                   =======         ======
           SPI0_communication      A942 
               calls direct
    -------------------------------------------------------------------------
<CODE> 1 (was CODE)
  Relative segment, address: A496 - A4D7 (0x42 bytes), align: 1
  Segment part 11.            Intra module refs:   lcd_clear_screen
                                                   lcd_display_char
                                                   lcd_draw_dot
           ENTRY                   ADDRESS         REF BY
           =====                   =======         ======
           LCD_WRITE_REG           A496 
               calls direct
    -------------------------------------------------------------------------
<CODE> 1 (was CODE)
  Relative segment, address: A066 - A0BF (0x5a bytes), align: 1
  Segment part 12.            Intra module refs:   lcd_draw_dot
           ENTRY                   ADDRESS         REF BY
           =====                   =======         ======
           LCD_SEND_COMMAND        A066 
               calls direct
    -------------------------------------------------------------------------
<CODE> 1 (was CODE)
  Relative segment, address: A0C0 - A119 (0x5a bytes), align: 1
  Segment part 13.            Intra module refs:   lcd_clear_screen
                                                   lcd_display_char
                                                   lcd_draw_dot
                                                   lcd_init
           ENTRY                   ADDRESS         REF BY
           =====                   =======         ======
           LCD_WRITE_COMMAND       A0C0 
               calls direct
    -------------------------------------------------------------------------
<CODE> 1 (was CODE)
  Relative segment, address: A734 - A753 (0x20 bytes), align: 1
  Segment part 14.            Intra module refs:   lcd_clear_screen
                                                   lcd_display_char
                                                   lcd_draw_dot
           ENTRY                   ADDRESS         REF BY
           =====                   =======         ======
           LCD_WRITE_DATA          A734 
               calls direct
    -------------------------------------------------------------------------
<CODE> 1 (was CODE)
  Relative segment, address: A94E - A94F (0x2 bytes), align: 1
  Segment part 15.            Intra module refs:   lcd_init
           ENTRY                   ADDRESS         REF BY
           =====                   =======         ======
           lcd_ctrl_port_init      A94E 
    -------------------------------------------------------------------------
<CODE> 1 (was CODE)
  Relative segment, address: 8BE0 - 8E71 (0x292 bytes), align: 1
  Segment part 17.
           ENTRY                   ADDRESS         REF BY
           =====                   =======         ======
           lcd_init                8BE0            main (main)
               calls direct
    -------------------------------------------------------------------------
<CODE> 1 (was CODE)
  Relative segment, address: 9D16 - 9D97 (0x82 bytes), align: 1
  Segment part 16.            Intra module refs:   lcd_init
           ENTRY                   ADDRESS         REF BY
           =====                   =======         ======
           lcd_clear_screen        9D16            main (main)
               calls direct
    -------------------------------------------------------------------------
<CODE> 1 (was CODE)
  Relative segment, address: 98F0 - 99A7 (0xb8 bytes), align: 1
  Segment part 20.            Intra module refs:   lcd_display_string
           ENTRY                   ADDRESS         REF BY
           =====                   =======         ======
           lcd_display_char        98F0 
               calls direct
    -------------------------------------------------------------------------
<CODE> 1 (was CODE)
  Relative segment, address: A4D8 - A517 (0x40 bytes), align: 1
  Segment part 21.
           ENTRY                   ADDRESS         REF BY
           =====                   =======         ======
           lcd_display_string      A4D8            main (main)
               calls direct
    -------------------------------------------------------------------------
<CODE> 1 (was CODE)
  Relative segment, address: 9E78 - 9EDB (0x64 bytes), align: 1
  Segment part 26.            Intra module refs:   drawHeart
           ENTRY                   ADDRESS         REF BY
           =====                   =======         ======
           lcd_draw_dot            9E78 
               calls direct
    -------------------------------------------------------------------------
<CODE> 1 (was CODE)
  Relative segment, address: 982E - 98EF (0xc2 bytes), align: 1
  Segment part 31.
           ENTRY                   ADDRESS         REF BY
           =====                   =======         ======
           drawHeart               982E            main (main)
               calls direct

    *************************************************************************

  FILE NAME : D:\Source\msp430\Debug\Obj\main.r43
  PROGRAM MODULE, NAME : main

  SEGMENTS IN THE MODULE
  ======================
DATA16_AN
  Relative segment, address: 0720 - 0721 (0x2 bytes), align: 0
  Segment part 2. ROOT        Intra module refs:   ADC12ISR
           ENTRY                   ADDRESS         REF BY
           =====                   =======         ======
           _A_ADC12MEM0_L          0720 
           LOCAL                   ADDRESS         
           =====                   =======         
           ADC12MEM0               0720 
           ADC12MEM0_H             0721 
           ADC12MEM0_L             0720 
    -------------------------------------------------------------------------
DATA16_AN
  Relative segment, address: 0100 - 0101 (0x2 bytes), align: 0
  Segment part 5. ROOT        Intra module refs:   main
           ENTRY                   ADDRESS         REF BY
           =====                   =======         ======
           _A_SFRIE1_L             0100 
           LOCAL                   ADDRESS         
           =====                   =======         
           SFRIE1                  0100 
           SFRIE1_H                0101 
           SFRIE1_L                0100 
    -------------------------------------------------------------------------
DATA16_AN
  Relative segment, address: 03EE - 03EF (0x2 bytes), align: 0
  Segment part 6. ROOT        Intra module refs:   timer0_b0
           ENTRY                   ADDRESS         REF BY
           =====                   =======         ======
           TB0IV                   03EE 
    -------------------------------------------------------------------------
DATA16_AN
  Relative segment, address: 060C - 060C (0x1 bytes), align: 0
  Segment part 7. ROOT        Intra module refs:   USCI_A1_ISR
           ENTRY                   ADDRESS         REF BY
           =====                   =======         ======
           UCA1RXBUF               060C 
    -------------------------------------------------------------------------
DATA16_AN
  Relative segment, address: 061E - 061F (0x2 bytes), align: 0
  Segment part 8. ROOT        Intra module refs:   USCI_A1_ISR
           ENTRY                   ADDRESS         REF BY
           =====                   =======         ======
           UCA1IV                  061E 
    -------------------------------------------------------------------------
DATA16_AN
  Relative segment, address: 015C - 015D (0x2 bytes), align: 0
  Segment part 9. ROOT        Intra module refs:   main
           ENTRY                   ADDRESS         REF BY
           =====                   =======         ======
           _A_WDTCTL_L             015C 
           LOCAL                   ADDRESS         
           =====                   =======         
           WDTCTL                  015C 
           WDTCTL_H                015D 
           WDTCTL_L                015C 
    -------------------------------------------------------------------------
DATA16_Z
  Relative segment, address: 26C6 - 26C7 (0x2 bytes), align: 1
  Segment part 19.            Intra module refs:   ADC12ISR
                                                   main
           ENTRY                   ADDRESS         REF BY
           =====                   =======         ======
           adc0                    26C6 
    -------------------------------------------------------------------------
<CODE> 1 (was CODE)
  Relative segment, address: 8FFA - 9171 (0x178 bytes), align: 1
  Segment part 20.
           ENTRY                   ADDRESS         REF BY
           =====                   =======         ======
           main                    8FFA            Segment part 27 (?cstart)
               calls direct
    -------------------------------------------------------------------------
ISR_CODE
  Relative segment, address: 8B8A - 8B99 (0x10 bytes), align: 1
[...]
                                                   drawHeart (LTM022A69B)
                                                   fmod (?fmod)

    -------------------------------------------------------------------------
  LIBRARY MODULE, NAME : _Add32f

  SEGMENTS IN THE MODULE
  ======================
<CODE> 1 (was CODE)
  Relative segment, address: 9172 - 9175 (0x4 bytes), align: 1
  Segment part 0.
           ENTRY                   ADDRESS         REF BY
           =====                   =======         ======
           _Sub32f                 9172            Segment part 5 (?xquad)
                                                   drawHeart (LTM022A69B)
                                                   fmod (?fmod)
    -------------------------------------------------------------------------
<CODE> 1 (was CODE)
  Relative segment, address: 9176 - 92D5 (0x160 bytes), align: 1
  Segment part 1.             Intra module refs:   _Sub32f
           ENTRY                   ADDRESS         REF BY
           =====                   =======         ======
           _Add32f                 9176            Segment part 3 (?xsin)
                                                   __iar_Quad (?xquad)
                                                   __iar_Sin (?xsin)
                                                   drawHeart (LTM022A69B)

    -------------------------------------------------------------------------
  LIBRARY MODULE, NAME : ?DivMod816u

  SEGMENTS IN THE MODULE
  ======================
<CODE> 1 (was CODE)
  Relative segment, address: A7FE - A815 (0x18 bytes), align: 1
  Segment part 1.
           ENTRY                   ADDRESS         REF BY
           =====                   =======         ======
           ?DivMod16u              A7FE            ?DivMod16s (?DivMod816s)

    -------------------------------------------------------------------------
  LIBRARY MODULE, NAME : ?DivMod816s

  SEGMENTS IN THE MODULE
  ======================
<CODE> 1 (was CODE)
  Relative segment, address: A630 - A65F (0x30 bytes), align: 1
  Segment part 1.
           ENTRY                   ADDRESS         REF BY
           =====                   =======         ======
           ?DivMod16s              A630            T0_int (dr_adc)
                                                   __aeabi_assert (?xassert)
                                                   main (main)

    -------------------------------------------------------------------------
  LIBRARY MODULE, NAME : ?DivMod32u

  SEGMENTS IN THE MODULE
  ======================
<CODE> 1 (was CODE)
  Relative segment, address: A660 - A68F (0x30 bytes), align: 1
  Segment part 0.
           ENTRY                   ADDRESS         REF BY
           =====                   =======         ======
           ?DivMod32u              A660            ?DivMod32s (?DivMod32s)

    -------------------------------------------------------------------------
  LIBRARY MODULE, NAME : ?DivMod32s

  SEGMENTS IN THE MODULE
  ======================
<CODE> 1 (was CODE)
  Relative segment, address: A518 - A557 (0x40 bytes), align: 1
  Segment part 0.
           ENTRY                   ADDRESS         REF BY
           =====                   =======         ======
           ?DivMod32s              A518            LCDSEG_DisplayNumber (dr_lcdseg)
                                                   getRPM (dr_dc_motor)
                                                   main (main)

    -------------------------------------------------------------------------
  LIBRARY MODULE, NAME : ?memcpy

  SEGMENTS IN THE MODULE
  ======================
<CODE> 1 (was CODE)
  Relative segment, address: A86A - A87B (0x12 bytes), align: 1
  Segment part 2.
           ENTRY                   ADDRESS         REF BY
           =====                   =======         ======
           memcpy                  A86A            __data16_memcpy (?memzero)

    -------------------------------------------------------------------------
  LIBRARY MODULE, NAME : ?memset

  SEGMENTS IN THE MODULE
  ======================
<CODE> 1 (was CODE)
  Relative segment, address: A88E - A89F (0x12 bytes), align: 1
  Segment part 2.
           ENTRY                   ADDRESS         REF BY
           =====                   =======         ======
           memset                  A88E            initDCMotor (dr_dc_motor)

    -------------------------------------------------------------------------
  LIBRARY MODULE, NAME : ?memzero

  SEGMENTS IN THE MODULE
  ======================
<CODE> 1 (was CODE)
  Relative segment, address: A8C0 - A8CF (0x10 bytes), align: 1
  Segment part 2.
           ENTRY                   ADDRESS         REF BY
           =====                   =======         ======
           __data16_memzero        A8C0            ?cstart_init_zero (?cstart)
    -------------------------------------------------------------------------
<CODE> 1 (was CODE)
  Relative segment, address: A936 - A939 (0x4 bytes), align: 1
  Segment part 3.
           ENTRY                   ADDRESS         REF BY
           =====                   =======         ======
           __data16_memcpy         A936            ?cstart_init_copy (?cstart)
               calls direct

    -------------------------------------------------------------------------
  LIBRARY MODULE, NAME : ?sin

  SEGMENTS IN THE MODULE
  ======================
<CODE> 1 (was CODE)
  Relative segment, address: A92C - A931 (0x6 bytes), align: 1
  Segment part 2.
           ENTRY                   ADDRESS         REF BY
           =====                   =======         ======
           sin                     A92C            drawHeart (LTM022A69B)
               calls direct

    -------------------------------------------------------------------------
  LIBRARY MODULE, NAME : ?vla_alloc

  SEGMENTS IN THE MODULE
  ======================
<CODE> 1 (was CODE)
  Relative segment, address: A7CC - A7E5 (0x1a bytes), align: 1
  Segment part 2.             Intra module refs:   __iar_vla_alloc2
           ENTRY                   ADDRESS         REF BY
           =====                   =======         ======
           __iar_vla_alloc         A7CC 
               calls direct
    -------------------------------------------------------------------------
<CODE> 1 (was CODE)
  Relative segment, address: A8D0 - A8DF (0x10 bytes), align: 1
  Segment part 3.
           ENTRY                   ADDRESS         REF BY
           =====                   =======         ======
           __iar_vla_alloc2        A8D0            send (cmd_queue)
               calls direct
    -------------------------------------------------------------------------
<CODE> 1 (was CODE)
  Relative segment, address: A932 - A935 (0x4 bytes), align: 1
  Segment part 4.
           ENTRY                   ADDRESS         REF BY
           =====                   =======         ======
           __iar_vla_dealloc2      A932            send (cmd_queue)
               calls direct

    -------------------------------------------------------------------------
  LIBRARY MODULE, NAME : ?xassert

  SEGMENTS IN THE MODULE
  ======================
<CODE> 1 (was CODE)
  Relative segment, address: A952 - A953 (0x2 bytes), align: 1
  Segment part 2.
           ENTRY                   ADDRESS         REF BY
           =====                   =======         ======
           __iar_EmptyStepPoint    A952            SPTA_IRQHandler (dr_step_motor)
    -------------------------------------------------------------------------
<CODE> 1 (was CODE)
  Relative segment, address: A11A - A173 (0x5a bytes), align: 1
  Segment part 3.
           ENTRY                   ADDRESS         REF BY
           =====                   =======         ======
           __aeabi_assert          A11A            SPTA_IRQHandler (dr_step_motor)
               calls direct

    -------------------------------------------------------------------------
  LIBRARY MODULE, NAME : ?xdint

  SEGMENTS IN THE MODULE
  ======================
<CODE> 1 (was CODE)
  Relative segment, address: 9C90 - 9D15 (0x86 bytes), align: 1
  Segment part 2.
           ENTRY                   ADDRESS         REF BY
           =====                   =======         ======
           __iar_Dint              9C90            __iar_Quad (?xquad)

    -------------------------------------------------------------------------
  LIBRARY MODULE, NAME : ?xdscale

  SEGMENTS IN THE MODULE
  ======================
<CODE> 1 (was CODE)
  Relative segment, address: 9B7C - 9C09 (0x8e bytes), align: 1
  Segment part 2.
           ENTRY                   ADDRESS         REF BY
           =====                   =======         ======
           __iar_Dscale            9B7C            fmod (?fmod)

    -------------------------------------------------------------------------
  LIBRARY MODULE, NAME : ?xdtest

  SEGMENTS IN THE MODULE
  ======================
<CODE> 1 (was CODE)
  Relative segment, address: A710 - A733 (0x24 bytes), align: 1
  Segment part 2.
           ENTRY                   ADDRESS         REF BY
           =====                   =======         ======
           __iar_Dtest             A710            fmod (?fmod)

    -------------------------------------------------------------------------
  LIBRARY MODULE, NAME : ?xdunscal

  SEGMENTS IN THE MODULE
  ======================
<CODE> 1 (was CODE)
  Relative segment, address: A40A - A44F (0x46 bytes), align: 1
  Segment part 2.
           ENTRY                   ADDRESS         REF BY
           =====                   =======         ======
           __iar_Dunscale          A40A            fmod (?fmod)

    -------------------------------------------------------------------------
  LIBRARY MODULE, NAME : ?xgetmemchunk

  SEGMENTS IN THE MODULE
  ======================
<CODE> 1 (was CODE)
  Relative segment, address: A7AE - A7CB (0x1e bytes), align: 1
  Segment part 3.
           ENTRY                   ADDRESS         REF BY
           =====                   =======         ======
           __data16_GetMemChunk    A7AE            __data16_findmem (?xxmemxmalloc)
    -------------------------------------------------------------------------
DATA16_Z
  Relative segment, address: 26CA - 26CB (0x2 bytes), align: 1
  Segment part 2.             Intra module refs:   __data16_GetMemChunk
    -------------------------------------------------------------------------
DATA16_HEAP
  Relative segment, address: 2710, align: 1
  Segment part 4.

    -------------------------------------------------------------------------
  LIBRARY MODULE, NAME : ?xquad

  SEGMENTS IN THE MODULE
  ======================
<CODE> 1 (was CODE)
  Relative segment, address: 974C - 982D (0xe2 bytes), align: 1
  Segment part 2.
           ENTRY                   ADDRESS         REF BY
           =====                   =======         ======
           __iar_Quad              974C            __iar_Sin (?xsin)
               calls direct
    -------------------------------------------------------------------------
<CODE> 1 (was CODE)
  Relative segment, address: A90C - A915 (0xa bytes), align: 1
  Segment part 3.             Intra module refs:   __iar_Quad
    -------------------------------------------------------------------------
<CODE> 1 (was CODE)
  Relative segment, address: A8F8 - A901 (0xa bytes), align: 1
  Segment part 4.             Intra module refs:   __iar_Quad
    -------------------------------------------------------------------------
<CODE> 1 (was CODE)
  Relative segment, address: A82C - A841 (0x16 bytes), align: 1
  Segment part 5.             Intra module refs:   Segment part 4
                                                   __iar_Quad

    -------------------------------------------------------------------------
  LIBRARY MODULE, NAME : ?xsin

  SEGMENTS IN THE MODULE
  ======================
<CODE> 1 (was CODE)
  Relative segment, address: 9532 - 9641 (0x110 bytes), align: 1
  Segment part 2.
           ENTRY                   ADDRESS         REF BY
           =====                   =======         ======
           __iar_Sin               9532            cos (?cos)
                                                   sin (?sin)
               calls direct
    -------------------------------------------------------------------------
<CODE> 1 (was CODE)
  Relative segment, address: A8E0 - A8EB (0xc bytes), align: 1
  Segment part 3.             Intra module refs:   __iar_Sin

    -------------------------------------------------------------------------
  LIBRARY MODULE, NAME : ?xxmemxfree

  SEGMENTS IN THE MODULE
  ======================
<CODE> 1 (was CODE)
  Relative segment, address: 9C0A - 9C8F (0x86 bytes), align: 1
  Segment part 2.
           ENTRY                   ADDRESS         REF BY
           =====                   =======         ======
           __data16_free           9C0A            __data16_findmem (?xxmemxmalloc)
                                                   free (cmd_queue)

    -------------------------------------------------------------------------
  LIBRARY MODULE, NAME : ?xxmemxmalloc

  SEGMENTS IN THE MODULE
  ======================
DATA16_Z
  Relative segment, address: 26CC - 26CF (0x4 bytes), align: 1
  Segment part 2.             Intra module refs:   __data16_findmem
                                                   __data16_malloc
           ENTRY                   ADDRESS         REF BY
           =====                   =======         ======
           __data16_Aldata         26CC            __data16_free (?xxmemxfree)
    -------------------------------------------------------------------------
<CODE> 1 (was CODE)
  Relative segment, address: 9F40 - 9FA3 (0x64 bytes), align: 1
  Segment part 3.             Intra module refs:   __data16_malloc
           LOCAL                   ADDRESS         
           =====                   =======         
           __data16_findmem        9F40 
               calls direct
    -------------------------------------------------------------------------
<CODE> 1 (was CODE)
  Relative segment, address: 9E0A - 9E77 (0x6e bytes), align: 1
  Segment part 4.
           ENTRY                   ADDRESS         REF BY
           =====                   =======         ======
           __data16_malloc         9E0A            malloc (cmd_queue)
               calls direct




                ****************************************
                *                                      *
                *      SEGMENTS IN ADDRESS ORDER       *
                *                                      *
                ****************************************


SEGMENT              SPACE    START ADDRESS   END ADDRESS     SIZE  TYPE  ALIGN
=======              =====    =============   ===========     ====  ====  =====
DATA16_AN                              0100 - 0103               4   rel    0
                                       0120 - 0121               2 
                                       0124 - 0127               4 
                                       012C - 012F               4 
                                       015C - 015D               2 
                                       0160 - 016F              10 
                                       01D0 - 01D3               4 
                                       0202 - 0205               4 
                                       020A - 020B               2 
                                       0218 - 021D               6 
                                       0222 - 0225               4 
                                       0242 - 0245               4 
                                       024A - 024B               2 
                                       0260 - 0265               6 
                                       026A - 026B               2 
                                       0340 - 0347               8 
                                       0352 - 0357               6 
                                       03C0 - 03C1               2 
                                       03D2 - 03D3               2 
                                       03EE - 03EF               2 
                                       049C - 049D               2 
                                       05E0 - 05E1               2 
                                       05E6 - 05E7               2 
                                       05EC - 05EC               1 
                                       05EE - 05EE               1 
                                       05F2 - 05F3               2 
                                       05FC - 05FD               2 
                                       0600 - 0601               2 
                                       0606 - 0608               3 
                                       060C - 060C               1 
                                       060E - 060E               1 
                                       061C - 061F               4 
                                       0700 - 0703               4 
                                       070C - 070D               2 
                                       0710 - 0710               1 
                                       0720 - 0721               2 
                                       0780 - 0781               2 
                                       0784 - 0785               2 
                                       0A00 - 0A01               2 
                                       0A06 - 0A07               2 
                                       0A0A - 0A0B               2 
                                       0A20 - 0A20               1 
DATA16_I                               2400 - 2403               4   rel    1
DATA16_Z                               2404 - 270F             30C   rel    1
DATA16_HEAP                            2710 - 27AF              A0   rel    1
CODE_I                                    27B0                       rel    1
DATA20_I                                  27B0                       rel    1
DATA20_N                                  27B0                       rel    1
DATA20_Z                                  27B0                       rel    1
CSTACK                                 6360 - 63FF              A0   rel    1
DATA16_C                               8000 - 8907             908   rel    1
DATA16_ID                              8908 - 890B               4   rel    1
CSTART                                 890C - 8933              28   rel    1
ISR_CODE                               8934 - 8BDF             2AC   rel    1
<CODE> 1                               8BE0 - A955            1D76   rel    1
DATA20_ID                                 A956                       rel    1
DATA20_C                                  A956                       rel    1
CODE_ID                                   A956                       rel    1
INTVEC                                 FF80 - FFF5              76   com    1
RESET                                  FFFE - FFFF               2   rel    1

                ****************************************
                *                                      *
                *        END OF CROSS REFERENCE        *
                *                                      *
                ****************************************

 8 386 bytes of CODE  memory
 1 104 bytes of DATA  memory (+ 129 absolute )
 2 316 bytes of CONST memory

Errors: none
Warnings: none

